
> temp-scaffold@0.1.0 build
> next build

node.exe : '"node"' is 
not recognized as an 
internal or external 
command,
At C:\Program Files\nod
ejs\bin\npm.ps1:29 
char:3
+   & $NODE_EXE 
$NPM_CLI_JS $args
+   ~~~~~~~~~~~~~~~~~~~
~~~~~~~~~~
    + CategoryInfo     
         : NotSpecifi  
  ed: ('"node"' is n   
 ot...ternal comman    
d,:String) [], Rem    
oteException
    + FullyQualifiedEr 
   rorId : NativeComm  
  andError
 
operable program or 
batch file.
